[2026/02/23 21:39:20   INFO]           [HytaleServer] Starting HytaleServer
[2026/02/23 21:39:20   INFO]           [HytaleServer] Loading config...
[2026/02/23 21:39:20 SEVERE]                   [SERR] decodeJson: class com.hypixel.hytale.codec.DocumentContainingCodec
[2026/02/23 21:39:20   INFO]           [HytaleServer] Authentication mode: AUTHENTICATED
[2026/02/23 21:39:20   INFO]      [ServerAuthManager] No server tokens configured. Use /auth login to authenticate, or provide tokens via CLI/environment.
[2026/02/23 21:39:20   INFO]      [ServerAuthManager] Server session ID: 307a0865-7815-496f-b639-2f4628fe9b3a
[2026/02/23 21:39:20   INFO]           [HytaleServer] Booting up HytaleServer - Version: 2026.02.19-1a311a592, Revision: 1a311a5921cb413cc899ada8941ff0b9ce1d64e1
[2026/02/23 21:39:20   INFO]           [HytaleServer] Setup phase...
[2026/02/23 21:39:20   INFO]          [PluginManager] Loading pending core plugins!
[2026/02/23 21:39:20   INFO]          [PluginManager] - Hytale:ConsoleModule
[2026/02/23 21:39:20   INFO]          [PluginManager] - Hytale:PermissionsModule
[2026/02/23 21:39:20   INFO]          [PluginManager] - Hytale:UpdateModule
[2026/02/23 21:39:20   INFO]          [PluginManager] - Hytale:FlyCameraModule
[2026/02/23 21:39:20   INFO]          [PluginManager] - Hytale:AssetModule
[2026/02/23 21:39:20   INFO]          [PluginManager] - Hytale:CommonAssetModule
[2026/02/23 21:39:20   INFO]          [PluginManager] - Hytale:CosmeticsModule
[2026/02/23 21:39:20   INFO]          [PluginManager] - Hytale:ServerManager
[2026/02/23 21:39:20   INFO]          [PluginManager] - Hytale:I18nModule
[2026/02/23 21:39:20   INFO]          [PluginManager] - Hytale:ItemModule
[2026/02/23 21:39:20   INFO]          [PluginManager] - Hytale:BlockTypeModule
[2026/02/23 21:39:20   INFO]          [PluginManager] - Hytale:LegacyModule
[2026/02/23 21:39:20   INFO]          [PluginManager] - Hytale:BlockModule
[2026/02/23 21:39:20   INFO]          [PluginManager] - Hytale:BlockStateModule
[2026/02/23 21:39:20   INFO]          [PluginManager] - Hytale:CollisionModule
[2026/02/23 21:39:20   INFO]          [PluginManager] - Hytale:BlockSetModule
[2026/02/23 21:39:20   INFO]          [PluginManager] - Hytale:MigrationModule
[2026/02/23 21:39:20   INFO]          [PluginManager] - Hytale:BlockHealthModule
[2026/02/23 21:39:20   INFO]          [PluginManager] - Hytale:PrefabSpawnerModule
[2026/02/23 21:39:20   INFO]          [PluginManager] - Hytale:TimeModule
[2026/02/23 21:39:20   INFO]          [PluginManager] - Hytale:AnchorActionModule
[2026/02/23 21:39:20   INFO]          [PluginManager] - Hytale:InteractionModule
[2026/02/23 21:39:20   INFO]          [PluginManager] - Hytale:EntityModule
[2026/02/23 21:39:20   INFO]          [PluginManager] - Hytale:EntityStatsModule
[2026/02/23 21:39:20   INFO]          [PluginManager] - Hytale:EntityUIModule
[2026/02/23 21:39:20   INFO]          [PluginManager] - Hytale:DamageModule
[2026/02/23 21:39:20   INFO]          [PluginManager] - Hytale:SplitVelocity
[2026/02/23 21:39:20   INFO]          [PluginManager] - Hytale:StaminaModule
[2026/02/23 21:39:20   INFO]          [PluginManager] - Hytale:DebugPlugin
[2026/02/23 21:39:20   INFO]          [PluginManager] - Hytale:ProjectileModule
[2026/02/23 21:39:20   INFO]          [PluginManager] - Hytale:ServerPlayerListModule
[2026/02/23 21:39:20   INFO]          [PluginManager] - Hytale:AccessControlModule
[2026/02/23 21:39:20   INFO]          [PluginManager] - Hytale:SingleplayerModule
[2026/02/23 21:39:20   INFO]          [PluginManager] - Hytale:Universe
[2026/02/23 21:39:20   INFO]          [PluginManager] - Hytale:ConnectedBlocksModule
[2026/02/23 21:39:20   INFO]          [PluginManager] Loading pending classpath plugins!
[2026/02/23 21:39:20 SEVERE]           [HytaleServer] Failed to boot HytaleServer!
com.hypixel.hytale.codec.exception.CodecException: Failed to decode
	at com.hypixel.hytale.codec.builder.BuilderCodec.readField(BuilderCodec.java:393)
	at com.hypixel.hytale.codec.builder.BuilderCodec.readEntry(BuilderCodec.java:338)
	at com.hypixel.hytale.codec.builder.BuilderCodec.decodeJson0(BuilderCodec.java:314)
	at com.hypixel.hytale.codec.builder.BuilderCodec.decodeJson(BuilderCodec.java:303)
	at com.hypixel.hytale.server.core.plugin.PluginManager.loadPluginsInClasspath(PluginManager.java:525)
	at com.hypixel.hytale.server.core.plugin.PluginManager.setup(PluginManager.java:175)
	at com.hypixel.hytale.server.core.HytaleServer.boot(HytaleServer.java:386)
	at com.hypixel.hytale.server.core.HytaleServer.<init>(HytaleServer.java:344)
	at com.hypixel.hytale.LateMain.lateMain(LateMain.java:56)
	at com.hypixel.hytale.Main.main(Main.java:43)
Caused by: java.lang.NumberFormatException: For input string: "${plugin_version}"
	at java.base/java.lang.NumberFormatException.forInputString(NumberFormatException.java:67)
	at java.base/java.lang.Long.parseLong(Long.java:594)
	at java.base/java.lang.Long.parseLong(Long.java:698)
	at com.hypixel.hytale.common.semver.Semver.fromString(Semver.java:155)
	at com.hypixel.hytale.common.semver.Semver.fromString(Semver.java:106)
	at com.hypixel.hytale.codec.function.FunctionCodec.decodeJson(FunctionCodec.java:53)
	at com.hypixel.hytale.codec.builder.BuilderField.decodeJson(BuilderField.java:162)
	at com.hypixel.hytale.codec.builder.BuilderCodec.readField(BuilderCodec.java:391)
	... 9 more

[2026/02/23 21:39:20   INFO]           [HytaleServer] Shutdown triggered!!!
[2026/02/23 21:39:20   INFO]           [HytaleServer] Shutting down... 1  'Failed to start server! For input string: "${plugin_version}"'
[2026/02/23 21:39:20   INFO]          [PluginManager] Saving plugins config...
[2026/02/23 21:39:20   INFO]           [HytaleServer] Saving config...
[2026/02/23 21:39:20   INFO]           [HytaleServer] Shutdown completed!
